[00:23:48] [main/WARN] [FML]: Potentially Dangerous alternative prefix `lisbam_pastoral_economy` for name `harvest`, expected `minecraft`. This could be a intended override, but in most cases indicates a broken mod.
[00:23:48] [main/WARN] [FML]: Potentially Dangerous alternative prefix `lisbam_pastoral_economy` for name `farmland_walker`, expected `minecraft`. This could be a intended override, but in most cases indicates a broken mod.
[00:23:48] [main/WARN] [FML]: Potentially Dangerous alternative prefix `lisbam_pastoral_economy` for name `pastoral_favor`, expected `minecraft`. This could be a intended override, but in most cases indicates a broken mod.
[00:23:48] [main/WARN] [FML]: Potentially Dangerous alternative prefix `lisbam_pastoral_economy` for name `fine_cultivation`, expected `minecraft`. This could be a intended override, but in most cases indicates a broken mod.
[00:23:48] [main/WARN] [FML]: Potentially Dangerous alternative prefix `lisbam_pastoral_economy` for name `felling`, expected `minecraft`. This could be a intended override, but in most cases indicates a broken mod.
[00:23:48] [main/WARN] [FML]: Potentially Dangerous alternative prefix `lisbam_pastoral_economy` for name `slaughter`, expected `minecraft`. This could be a intended override, but in most cases indicates a broken mod.
[00:23:48] [main/WARN] [FML]: Potentially Dangerous alternative prefix `lisbam_pastoral_economy` for name `fleetfoot`, expected `minecraft`. This could be a intended override, but in most cases indicates a broken mod.
[00:23:48] [main/WARN] [FML]: Potentially Dangerous alternative prefix `lisbam_pastoral_economy` for name `night_vision`, expected `minecraft`. This could be a intended override, but in most cases indicates a broken mod.
[00:23:48] [main/WARN] [FML]: Potentially Dangerous alternative prefix `lisbam_pastoral_economy` for name `attack_speed`, expected `minecraft`. This could be a intended override, but in most cases indicates a broken mod.
[00:23:48] [main/WARN] [FML]: Potentially Dangerous alternative prefix `lisbam_pastoral_economy` for name `range`, expected `minecraft`. This could be a intended override, but in most cases indicates a broken mod.
[00:23:48] [main/WARN] [FML]: Potentially Dangerous alternative prefix `lisbam_pastoral_economy` for name `reforged`, expected `minecraft`. This could be a intended override, but in most cases indicates a broken mod.
[00:23:48] [main/WARN] [FML]: Potentially Dangerous alternative prefix `lisbam_pastoral_economy` for name `bluntness_curse`, expected `minecraft`. This could be a intended override, but in most cases indicates a broken mod.
[00:23:49] [main/INFO] [FML]: Starts to replace vanilla recipe ingredients with ore ingredients.
[00:23:49] [main/INFO] [FML]: Invalid recipe found with multiple oredict ingredients in the same ingredient...
[00:23:49] [main/INFO] [FML]: Replaced 1227 ore ingredients
[00:23:56] [main/WARN] [FML]: Potentially Dangerous alternative prefix `lisbam_pastoral_economy` for name `backpack`, expected `minecraft`. This could be a intended override, but in most cases indicates a broken mod.
[00:23:56] [main/WARN] [FML]: Potentially Dangerous alternative prefix `lisbam_pastoral_economy` for name `advanced_backpack`, expected `minecraft`. This could be a intended override, but in most cases indicates a broken mod.
[00:23:56] [main/WARN] [FML]: Potentially Dangerous alternative prefix `lisbam_pastoral_economy` for name `super_backpack`, expected `minecraft`. This could be a intended override, but in most cases indicates a broken mod.
[00:23:56] [main/WARN] [FML]: Potentially Dangerous alternative prefix `lisbam_pastoral_economy` for name `feather_wings`, expected `minecraft`. This could be a intended override, but in most cases indicates a broken mod.
[00:23:56] [main/WARN] [FML]: Potentially Dangerous alternative prefix `lisbam_pastoral_economy` for name `market_book`, expected `minecraft`. This could be a intended override, but in most cases indicates a broken mod.
[00:23:56] [main/WARN] [FML]: Potentially Dangerous alternative prefix `lisbam_pastoral_economy` for name `trade_voucher`, expected `minecraft`. This could be a intended override, but in most cases indicates a broken mod.
[00:23:56] [main/WARN] [FML]: Potentially Dangerous alternative prefix `lisbam_pastoral_economy` for name `golden_bone_meal`, expected `minecraft`. This could be a intended override, but in most cases indicates a broken mod.
[00:23:56] [main/WARN] [FML]: Potentially Dangerous alternative prefix `lisbam_pastoral_economy` for name `merchant_spawn_egg`, expected `minecraft`. This could be a intended override, but in most cases indicates a broken mod.
[00:23:56] [main/WARN] [FML]: Potentially Dangerous alternative prefix `lisbam_pastoral_economy` for name `village_station`, expected `minecraft`. This could be a intended override, but in most cases indicates a broken mod.
[00:23:56] [main/WARN] [FML]: Potentially Dangerous alternative prefix `lisbam_pastoral_economy` for name `crab_trap`, expected `minecraft`. This could be a intended override, but in most cases indicates a broken mod.
[00:23:56] [main/WARN] [FML]: Potentially Dangerous alternative prefix `lisbam_pastoral_economy` for name `shipping_box`, expected `minecraft`. This could be a intended override, but in most cases indicates a broken mod.
[00:23:56] [main/WARN] [FML]: Potentially Dangerous alternative prefix `lisbam_pastoral_economy` for name `transport_station`, expected `minecraft`. This could be a intended override, but in most cases indicates a broken mod.
[00:23:56] [main/WARN] [FML]: Potentially Dangerous alternative prefix `lisbam_pastoral_economy` for name `chunk_loader`, expected `minecraft`. This could be a intended override, but in most cases indicates a broken mod.
[00:23:56] [main/WARN] [FML]: Potentially Dangerous alternative prefix `lisbam_pastoral_economy` for name `crab_trap`, expected `minecraft`. This could be a intended override, but in most cases indicates a broken mod.
[00:23:56] [main/WARN] [FML]: Potentially Dangerous alternative prefix `lisbam_pastoral_economy` for name `shipping_box`, expected `minecraft`. This could be a intended override, but in most cases indicates a broken mod.
[00:23:56] [main/WARN] [FML]: Potentially Dangerous alternative prefix `lisbam_pastoral_economy` for name `transport_station`, expected `minecraft`. This could be a intended override, but in most cases indicates a broken mod.
[00:23:56] [main/WARN] [FML]: Potentially Dangerous alternative prefix `lisbam_pastoral_economy` for name `chunk_loader`, expected `minecraft`. This could be a intended override, but in most cases indicates a broken mod.
