[16:30:20] [main/DEBUG] [FML]: Creating vanilla freeze snapshot
[16:30:20] [main/DEBUG] [FML]: Vanilla freeze snapshot created
[16:30:21] [main/WARN] [FML]: Potentially Dangerous alternative prefix `lisbam_pastoral_economy` for name `backpack`, expected `minecraft`. This could be a intended override, but in most cases indicates a broken mod.
[16:30:21] [main/WARN] [FML]: Potentially Dangerous alternative prefix `lisbam_pastoral_economy` for name `advanced_backpack`, expected `minecraft`. This could be a intended override, but in most cases indicates a broken mod.
[16:30:21] [main/WARN] [FML]: Potentially Dangerous alternative prefix `lisbam_pastoral_economy` for name `super_backpack`, expected `minecraft`. This could be a intended override, but in most cases indicates a broken mod.
[16:30:21] [main/WARN] [FML]: Potentially Dangerous alternative prefix `lisbam_pastoral_economy` for name `feather_wings`, expected `minecraft`. This could be a intended override, but in most cases indicates a broken mod.
[16:30:21] [main/WARN] [FML]: Potentially Dangerous alternative prefix `lisbam_pastoral_economy` for name `market_book`, expected `minecraft`. This could be a intended override, but in most cases indicates a broken mod.
[16:30:21] [main/WARN] [FML]: Potentially Dangerous alternative prefix `lisbam_pastoral_economy` for name `trade_voucher`, expected `minecraft`. This could be a intended override, but in most cases indicates a broken mod.
[16:30:21] [main/WARN] [FML]: Potentially Dangerous alternative prefix `lisbam_pastoral_economy` for name `golden_bone_meal`, expected `minecraft`. This could be a intended override, but in most cases indicates a broken mod.
[16:30:21] [main/WARN] [FML]: Potentially Dangerous alternative prefix `lisbam_pastoral_economy` for name `merchant_spawn_egg`, expected `minecraft`. This could be a intended override, but in most cases indicates a broken mod.
[16:30:21] [main/WARN] [FML]: Potentially Dangerous alternative prefix `lisbam_pastoral_economy` for name `village_station`, expected `minecraft`. This could be a intended override, but in most cases indicates a broken mod.
[16:30:21] [main/WARN] [FML]: Potentially Dangerous alternative prefix `lisbam_pastoral_economy` for name `crab_trap`, expected `minecraft`. This could be a intended override, but in most cases indicates a broken mod.
[16:30:21] [main/WARN] [FML]: Potentially Dangerous alternative prefix `lisbam_pastoral_economy` for name `shipping_box`, expected `minecraft`. This could be a intended override, but in most cases indicates a broken mod.
[16:30:21] [main/WARN] [FML]: Potentially Dangerous alternative prefix `lisbam_pastoral_economy` for name `transport_station`, expected `minecraft`. This could be a intended override, but in most cases indicates a broken mod.
[16:30:21] [main/WARN] [FML]: Potentially Dangerous alternative prefix `lisbam_pastoral_economy` for name `chunk_loader`, expected `minecraft`. This could be a intended override, but in most cases indicates a broken mod.
[16:30:21] [main/WARN] [FML]: Potentially Dangerous alternative prefix `lisbam_pastoral_economy` for name `crab_trap`, expected `minecraft`. This could be a intended override, but in most cases indicates a broken mod.
[16:30:21] [main/WARN] [FML]: Potentially Dangerous alternative prefix `lisbam_pastoral_economy` for name `shipping_box`, expected `minecraft`. This could be a intended override, but in most cases indicates a broken mod.
[16:30:21] [main/WARN] [FML]: Potentially Dangerous alternative prefix `lisbam_pastoral_economy` for name `transport_station`, expected `minecraft`. This could be a intended override, but in most cases indicates a broken mod.
[16:30:21] [main/WARN] [FML]: Potentially Dangerous alternative prefix `lisbam_pastoral_economy` for name `chunk_loader`, expected `minecraft`. This could be a intended override, but in most cases indicates a broken mod.
[16:30:21] [main/WARN] [FML]: Potentially Dangerous alternative prefix `lisbam_pastoral_economy` for name `advanced_backpack`, expected `minecraft`. This could be a intended override, but in most cases indicates a broken mod.
[16:30:21] [main/DEBUG] [io.netty.util.internal.logging.InternalLoggerFactory]: Using SLF4J as the default logging framework
[16:30:21] [main/DEBUG] [io.netty.util.internal.PlatformDependent]: -Dio.netty.noUnsafe: false
[16:30:21] [main/DEBUG] [io.netty.util.internal.PlatformDependent0]: sun.misc.Unsafe.theUnsafe: available
[16:30:21] [main/DEBUG] [io.netty.util.internal.PlatformDependent0]: sun.misc.Unsafe.copyMemory: available
[16:30:21] [main/DEBUG] [io.netty.util.internal.PlatformDependent0]: java.nio.Buffer.address: available
[16:30:21] [main/DEBUG] [io.netty.util.internal.PlatformDependent0]: direct buffer constructor: available
[16:30:21] [main/DEBUG] [io.netty.util.internal.PlatformDependent0]: java.nio.Bits.unaligned: available, true
[16:30:21] [main/DEBUG] [io.netty.util.internal.PlatformDependent0]: java.nio.DirectByteBuffer.<init>(long, int): available
[16:30:21] [main/DEBUG] [io.netty.util.internal.Cleaner0]: java.nio.ByteBuffer.cleaner(): available
[16:30:21] [main/DEBUG] [io.netty.util.internal.PlatformDependent]: Java version: 8
[16:30:21] [main/DEBUG] [io.netty.util.internal.PlatformDependent]: sun.misc.Unsafe: available
[16:30:21] [main/DEBUG] [io.netty.util.internal.PlatformDependent]: -Dio.netty.tmpdir: /tmp (java.io.tmpdir)
[16:30:21] [main/DEBUG] [io.netty.util.internal.PlatformDependent]: -Dio.netty.bitMode: 64 (sun.arch.data.model)
[16:30:21] [main/DEBUG] [io.netty.util.internal.PlatformDependent]: -Dio.netty.noPreferDirect: false
[16:30:21] [main/DEBUG] [io.netty.util.internal.PlatformDependent]: io.netty.maxDirectMemory: 3629645824 bytes
[16:30:22] [main/DEBUG] [io.netty.buffer.AbstractByteBuf]: -Dio.netty.buffer.bytebuf.checkAccessible: true
[16:30:22] [main/DEBUG] [io.netty.util.ResourceLeakDetector]: -Dio.netty.leakDetection.level: simple
[16:30:22] [main/DEBUG] [io.netty.util.ResourceLeakDetector]: -Dio.netty.leakDetection.maxRecords: 4
[16:30:22] [main/DEBUG] [io.netty.util.ResourceLeakDetectorFactory]: Loaded default ResourceLeakDetector: io.netty.util.ResourceLeakDetector@4a1a412e
