[22:38:34] [main/DEBUG] [io.netty.util.internal.logging.InternalLoggerFactory]: Using SLF4J as the default logging framework
[22:38:34] [main/DEBUG] [io.netty.util.internal.PlatformDependent]: -Dio.netty.noUnsafe: false
[22:38:34] [main/DEBUG] [io.netty.util.internal.PlatformDependent0]: sun.misc.Unsafe.theUnsafe: available
[22:38:34] [main/DEBUG] [io.netty.util.internal.PlatformDependent0]: sun.misc.Unsafe.copyMemory: available
[22:38:34] [main/DEBUG] [io.netty.util.internal.PlatformDependent0]: java.nio.Buffer.address: available
[22:38:34] [main/DEBUG] [io.netty.util.internal.PlatformDependent0]: direct buffer constructor: available
[22:38:34] [main/DEBUG] [io.netty.util.internal.PlatformDependent0]: java.nio.Bits.unaligned: available, true
[22:38:34] [main/DEBUG] [io.netty.util.internal.PlatformDependent0]: java.nio.DirectByteBuffer.<init>(long, int): available
[22:38:34] [main/DEBUG] [io.netty.util.internal.Cleaner0]: java.nio.ByteBuffer.cleaner(): available
[22:38:34] [main/DEBUG] [io.netty.util.internal.PlatformDependent]: Java version: 8
[22:38:34] [main/DEBUG] [io.netty.util.internal.PlatformDependent]: sun.misc.Unsafe: available
[22:38:34] [main/DEBUG] [io.netty.util.internal.PlatformDependent]: -Dio.netty.tmpdir: /tmp (java.io.tmpdir)
[22:38:34] [main/DEBUG] [io.netty.util.internal.PlatformDependent]: -Dio.netty.bitMode: 64 (sun.arch.data.model)
[22:38:34] [main/DEBUG] [io.netty.util.internal.PlatformDependent]: -Dio.netty.noPreferDirect: false
[22:38:34] [main/DEBUG] [io.netty.util.internal.PlatformDependent]: io.netty.maxDirectMemory: 3629645824 bytes
[22:38:34] [main/DEBUG] [io.netty.buffer.AbstractByteBuf]: -Dio.netty.buffer.bytebuf.checkAccessible: true
[22:38:34] [main/DEBUG] [io.netty.util.ResourceLeakDetector]: -Dio.netty.leakDetection.level: simple
[22:38:34] [main/DEBUG] [io.netty.util.ResourceLeakDetector]: -Dio.netty.leakDetection.maxRecords: 4
[22:38:34] [main/DEBUG] [io.netty.util.ResourceLeakDetectorFactory]: Loaded default ResourceLeakDetector: io.netty.util.ResourceLeakDetector@6ab778a
[22:38:41] [main/DEBUG] [FML]: Creating vanilla freeze snapshot
[22:38:41] [main/DEBUG] [FML]: Vanilla freeze snapshot created
